// Vitest Snapshot v1

exports[`<GridFront /> > should match to snapshot 1`] = `
.c2 {
  color: #FFFFFF;
  font-size: 4.0rem;
  text-transform: none;
}

.c7 {
  color: #FFFFFF;
  font-size: 1.6rem;
  font-family: 'Work Sans',sans-serif;
  padding: 0;
}

.c0 {
  padding: 4.0rem;
  border: 0.1rem solid;
  border-image-slice: 1;
  border-width: 0.1rem;
  border-image-source: linear-gradient(to right,#090213,#078a85);
}

.c0 .c1 {
  text-align: center;
}

.c3 {
  display: grid;
  grid-template-columns: repeat(2,2fr);
  gap: 1.6rem;
}

.c4 {
  text-align: center;
  -webkit-box-pack: center;
  -webkit-justify-content: center;
  -ms-flex-pack: center;
  justify-content: center;
}

.c4 .c6 {
  margin-top: 0.8rem;
  border: 0.1rem solid;
  border-image-slice: 1;
  border-width: 0.1rem;
  border-image-source: linear-gradient(to right,#090213,#078a85);
}

.c4 >svg {
  color: #FFFFFF;
  width: 10rem;
  height: 10rem;
  border: 0.1rem solid;
  border-image-slice: 1;
  border-width: 0.1rem;
  border-image-source: linear-gradient(to left,#090213,#078a85);
  -webkit-transition: all 200ms ease-in-out;
  transition: all 200ms ease-in-out;
  padding: 1.6rem;
  cursor: pointer;
}

.c4 >svg:hover {
  border: 0.1rem solid;
  border-image-slice: 1;
  border-width: 0.4rem;
  border-image-source: linear-gradient(to left,#090213,#078a85);
}

.c5 {
  display: inline-block;
  vertical-align: middle;
  overflow: hidden;
}

@media (max-width:768px) {
  .c2 {
    font-size: 3.2rem;
  }
}

@media (max-width:768px) {
  .c0 {
    padding: 1.6rem;
  }
}

@media (max-width:768px) {
  .c3 {
    display: block;
  }

  .c3 .c6 {
    font-size: 1.6rem;
  }
}

<div>
  <div
    class="c0"
  >
    <h3
      class="c1 c2"
    >
      Front-End
    </h3>
    <div
      class="c3"
    >
      <div
        class="c4"
      >
        <svg
          aria-hidden="true"
          aria-label="icon"
          class="c5"
          fill="currentColor"
          focusable="false"
          viewBox="0 0 24 24"
          xmlns="http://www.w3.org/2000/svg"
        >
          <path
            d="M14.23 12.004a2.236 2.236 0 0 1-2.235 2.236 2.236 2.236 0 0 1-2.236-2.236 2.236 2.236 0 0 1 2.235-2.236 2.236 2.236 0 0 1 2.236 2.236zm2.648-10.69c-1.346 0-3.107.96-4.888 2.622-1.78-1.653-3.542-2.602-4.887-2.602-.41 0-.783.093-1.106.278-1.375.793-1.683 3.264-.973 6.365C1.98 8.917 0 10.42 0 12.004c0 1.59 1.99 3.097 5.043 4.03-.704 3.113-.39 5.588.988 6.38.32.187.69.275 1.102.275 1.345 0 3.107-.96 4.888-2.624 1.78 1.654 3.542 2.603 4.887 2.603.41 0 .783-.09 1.106-.275 1.374-.792 1.683-3.263.973-6.365C22.02 15.096 24 13.59 24 12.004c0-1.59-1.99-3.097-5.043-4.032.704-3.11.39-5.587-.988-6.38a2.167 2.167 0 0 0-1.092-.278zm-.005 1.09v.006c.225 0 .406.044.558.127.666.382.955 1.835.73 3.704-.054.46-.142.945-.25 1.44a23.476 23.476 0 0 0-3.107-.534A23.892 23.892 0 0 0 12.769 4.7c1.592-1.48 3.087-2.292 4.105-2.295zm-9.77.02c1.012 0 2.514.808 4.11 2.28-.686.72-1.37 1.537-2.02 2.442a22.73 22.73 0 0 0-3.113.538 15.02 15.02 0 0 1-.254-1.42c-.23-1.868.054-3.32.714-3.707.19-.09.4-.127.563-.132zm4.882 3.05c.455.468.91.992 1.36 1.564-.44-.02-.89-.034-1.345-.034-.46 0-.915.01-1.36.034.44-.572.895-1.096 1.345-1.565zM12 8.1c.74 0 1.477.034 2.202.093.406.582.802 1.203 1.183 1.86.372.64.71 1.29 1.018 1.946-.308.655-.646 1.31-1.013 1.95-.38.66-.773 1.288-1.18 1.87a25.64 25.64 0 0 1-4.412.005 26.64 26.64 0 0 1-1.183-1.86c-.372-.64-.71-1.29-1.018-1.946a25.17 25.17 0 0 1 1.013-1.954c.38-.66.773-1.286 1.18-1.868A25.245 25.245 0 0 1 12 8.098zm-3.635.254c-.24.377-.48.763-.704 1.16-.225.39-.435.782-.635 1.174-.265-.656-.49-1.31-.676-1.947.64-.15 1.315-.283 2.015-.386zm7.26 0c.695.103 1.365.23 2.006.387-.18.632-.405 1.282-.66 1.933a25.952 25.952 0 0 0-1.345-2.32zm3.063.675c.484.15.944.317 1.375.498 1.732.74 2.852 1.708 2.852 2.476-.005.768-1.125 1.74-2.857 2.475-.42.18-.88.342-1.355.493a23.966 23.966 0 0 0-1.1-2.98c.45-1.017.81-2.01 1.085-2.964zm-13.395.004c.278.96.645 1.957 1.1 2.98a23.142 23.142 0 0 0-1.086 2.964c-.484-.15-.944-.318-1.37-.5-1.732-.737-2.852-1.706-2.852-2.474 0-.768 1.12-1.742 2.852-2.476.42-.18.88-.342 1.356-.494zm11.678 4.28c.265.657.49 1.312.676 1.948-.64.157-1.316.29-2.016.39a25.819 25.819 0 0 0 1.341-2.338zm-9.945.02c.2.392.41.783.64 1.175.23.39.465.772.705 1.143a22.005 22.005 0 0 1-2.006-.386c.18-.63.406-1.282.66-1.933zM17.92 16.32c.112.493.2.968.254 1.423.23 1.868-.054 3.32-.714 3.708-.147.09-.338.128-.563.128-1.012 0-2.514-.807-4.11-2.28.686-.72 1.37-1.536 2.02-2.44 1.107-.118 2.154-.3 3.113-.54zm-11.83.01c.96.234 2.006.415 3.107.532.66.905 1.345 1.727 2.035 2.446-1.595 1.483-3.092 2.295-4.11 2.295a1.185 1.185 0 0 1-.553-.132c-.666-.38-.955-1.834-.73-3.703.054-.46.142-.944.25-1.438zm4.56.64c.44.02.89.034 1.345.034.46 0 .915-.01 1.36-.034-.44.572-.895 1.095-1.345 1.565-.455-.47-.91-.993-1.36-1.565z"
          />
        </svg>
        <p
          class="c6 c7"
        >
          React
        </p>
      </div>
      <div
        class="c4"
      >
        <svg
          aria-hidden="true"
          aria-label="icon"
          class="c5"
          fill="currentColor"
          focusable="false"
          viewBox="0 0 24 24"
          xmlns="http://www.w3.org/2000/svg"
        >
          <path
            d="M11.572 0c-.176 0-.31.001-.358.007a19.76 19.76 0 0 1-.364.033C7.443.346 4.25 2.185 2.228 5.012a11.875 11.875 0 0 0-2.119 5.243c-.096.659-.108.854-.108 1.747s.012 1.089.108 1.748c.652 4.506 3.86 8.292 8.209 9.695.779.25 1.6.422 2.534.525.363.04 1.935.04 2.299 0 1.611-.178 2.977-.577 4.323-1.264.207-.106.247-.134.219-.158-.02-.013-.9-1.193-1.955-2.62l-1.919-2.592-2.404-3.558a338.739 338.739 0 0 0-2.422-3.556c-.009-.002-.018 1.579-.023 3.51-.007 3.38-.01 3.515-.052 3.595a.426.426 0 0 1-.206.214c-.075.037-.14.044-.495.044H7.81l-.108-.068a.438.438 0 0 1-.157-.171l-.05-.106.006-4.703.007-4.705.072-.092a.645.645 0 0 1 .174-.143c.096-.047.134-.051.54-.051.478 0 .558.018.682.154.035.038 1.337 1.999 2.895 4.361a10760.433 10760.433 0 0 0 4.735 7.17l1.9 2.879.096-.063a12.317 12.317 0 0 0 2.466-2.163 11.944 11.944 0 0 0 2.824-6.134c.096-.66.108-.854.108-1.748 0-.893-.012-1.088-.108-1.747-.652-4.506-3.859-8.292-8.208-9.695a12.597 12.597 0 0 0-2.499-.523A33.119 33.119 0 0 0 11.573 0zm4.069 7.217c.347 0 .408.005.486.047a.473.473 0 0 1 .237.277c.018.06.023 1.365.018 4.304l-.006 4.218-.744-1.14-.746-1.14v-3.066c0-1.982.01-3.097.023-3.15a.478.478 0 0 1 .233-.296c.096-.05.13-.054.5-.054z"
          />
        </svg>
        <p
          class="c6 c7"
        >
          Next.Js
        </p>
      </div>
      <div
        class="c4"
      >
        <svg
          aria-hidden="true"
          aria-label="icon"
          class="c5"
          fill="currentColor"
          focusable="false"
          viewBox="0 0 24 24"
          xmlns="http://www.w3.org/2000/svg"
        >
          <path
            d="m16.71.243-.12 2.71a.18.18 0 0 0 .29.15l1.06-.8.9.7a.18.18 0 0 0 .28-.14l-.1-2.76 1.33-.1a1.2 1.2 0 0 1 1.279 1.2v21.596a1.2 1.2 0 0 1-1.26 1.2l-16.096-.72a1.2 1.2 0 0 1-1.15-1.16l-.75-19.797a1.2 1.2 0 0 1 1.13-1.27L16.7.222zM13.64 9.3c0 .47 3.16.24 3.59-.08 0-3.2-1.72-4.89-4.859-4.89-3.15 0-4.899 1.72-4.899 4.29 0 4.45 5.999 4.53 5.999 6.959 0 .7-.32 1.1-1.05 1.1-.96 0-1.35-.49-1.3-2.16 0-.36-3.649-.48-3.769 0-.27 4.03 2.23 5.2 5.099 5.2 2.79 0 4.969-1.49 4.969-4.18 0-4.77-6.099-4.64-6.099-6.999 0-.97.72-1.1 1.13-1.1.45 0 1.25.07 1.19 1.87z"
          />
        </svg>
        <p
          class="c6 c7"
        >
          Storybook
        </p>
      </div>
      <div
        class="c4"
      >
        <svg
          aria-hidden="true"
          aria-label="icon"
          class="c5"
          fill="currentColor"
          focusable="false"
          viewBox="0 0 24 24"
          xmlns="http://www.w3.org/2000/svg"
        >
          <path
            d="m16.214 6.762-.075.391c-.116.741-.074.953.244 1.228l.307.254-.318 1.418c-.19.846-.423 1.555-.571 1.788-.127.201-.275.497-.307.656-.053.19-.233.381-.508.55-.243.138-.72.508-1.058.805-.27.243-.456.392-.557.456l-.33.261a1.4 1.4 0 0 0-.189.411c-.023.107-.01.178.024.23.033.05.09.085.168.107a.954.954 0 0 0 .282.023 3 3 0 0 0 .632-.112c.07-.019.125-.037.173-.053.074-.091.245-.263.548-.562.804-.793 1.111-1.227.794-1.11-.117.042-.064-.064.137-.276.424-.413.667-1.037 1.175-2.994.402-1.545.402-1.567.698-1.567.139 0 .532.024.532.024V6.762h-.902zm3.839 3.165c-.064 0-.17.096-.233.202-.116.19.021.306 1.767 1.396 1.037.657 1.873 1.217 1.852 1.26-.021.031-.868.582-1.883 1.217-1.842 1.142-1.852 1.153-1.683 1.386.212.275 0 .37 2.391-1.122L24 13.155v-.836l-1.937-1.196c-1.047-.656-1.957-1.185-2.01-1.196zm-16.085.117c-.053 0-.963.54-2.01 1.185L0 12.425v.836l1.947 1.217c1.08.666 1.99 1.217 2.032 1.217.042 0 .127-.096.212-.212.127-.201.02-.286-1.768-1.418C.72 12.996.54 12.848.71 12.732c.106-.074.91-.572 1.778-1.111 1.979-1.217 1.873-1.133 1.714-1.387-.063-.105-.17-.2-.233-.19zm8.684.023c-.292-.002-.92.443-2.8 1.978-.081.193-.088.326-.051.412.024.059.068.1.129.13.06.03.138.048.224.055.171.015.373-.012.536-.044l.11-.025a.386.386 0 0 1 .144-.118c.116-.064.603-.508 1.09-.984.857-.868 1.058-1.26.709-1.387a.24.24 0 0 0-.09-.017zm2.196.603c-.257.007-.72.305-1.513.938-.398.323-.65.497-.785.533l-.524.414c-.197.36-.226.583-.174.706a.25.25 0 0 0 .138.134.644.644 0 0 0 .24.045 2.18 2.18 0 0 0 .58-.085 3.466 3.466 0 0 0 .291-.092l.029-.012.053-.028c.1-.129.33-.372.618-.652.91-.878 1.375-1.502 1.28-1.735-.043-.113-.117-.17-.233-.166zm-2.424 1.08c-.074.008-.24.136-.539.398-.432.382-.903.602-1.066.504a3.97 3.97 0 0 1-.114.024c-.166.033-.373.06-.558.045a.708.708 0 0 1-.252-.063.337.337 0 0 1-.168-.17c-.037-.09-.037-.202.005-.345l-.65.534-1.471 1.217v1.973l4.82-3.797a.41.41 0 0 1 .016-.123c.037-.134.035-.202-.023-.196zm2.074.639c-.073 0-.195.103-.39.31-.265.283-.682.557-.903.613l-.034.018a2.191 2.191 0 0 1-.11.042c-.06.02-.138.044-.228.068-.18.049-.404.094-.604.089a.732.732 0 0 1-.275-.054.344.344 0 0 1-.184-.18c-.058-.139-.035-.334.092-.611L7.61 16.033v1.205h1.868l3.962-3.112c.103-.114.258-.27.467-.465.56-.519.687-.698.687-.963 0-.206-.023-.31-.096-.31zm.943 1.95-.339.338c-.19.18-.529.402-.761.497l-.046.02-.003.005-.01.01c-.009.007-.013.008-.02.011a3.432 3.432 0 0 1-.282.093 3.058 3.058 0 0 1-.65.115 1.035 1.035 0 0 1-.31-.027.364.364 0 0 1-.218-.144c-.048-.074-.062-.173-.035-.295a1.11 1.11 0 0 1 .095-.25l-3.197 2.526h4.252l.508-.582c.698-.814 1.016-1.396 1.016-1.894z"
          />
        </svg>
        <p
          class="c6 c7"
        >
          Styled Components
        </p>
      </div>
    </div>
  </div>
</div>
`;
