// Vitest Snapshot v1

exports[`<TextGrid /> > should match to snapshot 1`] = `
.c0 {
  color: #FFFFFF;
  font-size: 1.6rem;
  font-family: 'Work Sans',sans-serif;
  padding: 0;
}

<div>
  <p
    class="c0"
  >
    testando
  </p>
</div>
`;
