// Vitest Snapshot v1

exports[`<MenuLink /> > should match to snapshot 1`] = `
.c0 {
  display: block;
  -webkit-text-decoration: none;
  text-decoration: none;
  font-size: 1.6rem;
  font-family: 'Work Sans',sans-serif;
  padding: 1.6rem;
  color: #FFFFFF;
  position: relative;
}

.c0:hover {
  color: #DDDDDD;
}

.c0::after {
  content: '';
  position: absolute;
  bottom: 0;
  left: 0%;
  width: 0;
  height: 0.2rem;
  background: rgb(2,0,36);
  background: linear-gradient(90deg,rgba(2,0,36,1) 0%,rgba(7,138,133,1) 100%);
  -webkit-transition: all 300ms ease-in-out;
  transition: all 300ms ease-in-out;
}

.c0:hover::after {
  left: 25%;
  width: 50%;
}

<div>
  <a
    class="c0"
    href="#"
    target="_self"
  >
    MenuLink
  </a>
</div>
`;
